// Vitest Snapshot v1

exports[`Get files > pages 1`] = `
[
  "examples/next-style/src/pages/[...all].tsx",
  "examples/next-style/src/pages/about.tsx",
  "examples/next-style/src/pages/about/index.tsx",
  "examples/next-style/src/pages/blog/[...all].tsx",
  "examples/next-style/src/pages/blog/[id].tsx",
  "examples/next-style/src/pages/blog/index.tsx",
  "examples/next-style/src/pages/blog/today/[...all].tsx",
  "examples/next-style/src/pages/blog/today/index.tsx",
  "examples/next-style/src/pages/components.tsx",
  "examples/next-style/src/pages/index.tsx",
]
`;

exports[`Get page dirs > with glob 1`] = `
[
  {
    "baseRoute": "",
    "dir": "examples/next-style/src/features/admin/pages",
  },
  {
    "baseRoute": "",
    "dir": "examples/next-style/src/features/dashboard/pages",
  },
]
`;
