// Vitest Snapshot v1

exports[`Options resolve > react 1`] = `
{
  "caseSensitive": false,
  "dirs": [
    {
      "baseRoute": "",
      "dir": "examples/next-style/src/pages",
    },
  ],
  "exclude": [],
  "extendRoute": undefined,
  "extensions": [
    "tsx",
    "jsx",
    "ts",
    "js",
  ],
  "extensionsRE": /\\\\\\.\\(tsx\\|jsx\\|ts\\|js\\)\\$/,
  "importMode": [Function],
  "moduleIds": [
    "~react-pages",
    "virtual:generated-pages-react",
  ],
  "onClientGenerated": undefined,
  "onRoutesGenerated": undefined,
  "resolver": {
    "resolveExtensions": [Function],
    "resolveModuleIds": [Function],
    "resolveRoutes": [Function],
    "stringify": {
      "component": [Function],
      "dynamicImport": [Function],
      "final": [Function],
    },
  },
  "root": Any<String>,
  "routeStyle": "next",
}
`;
